a2z.com
akamaihd.net
bestweapon.one
cdninstagram.com
chatgpt.com
cloudflare.net
connectivitycheck.gstatic.com
deepstatemap.live
ext-twitch.tv
facebook.com
facebook.net
fb.com
fbcdn.net
fbsbx.com
ggpht.com
google.com
googleapis.com
googletagmanager.com
googleusercontent.com
googlevideo.com
gstatic.com
habr.com
huawei.com
igcdn-photos-e-a.akamaihd.net
instagram.com
instagramstatic.com
intel.com
intel.de
jtvnw.net
live-video.net
mdza.io
medium.com
meduza.io
microsoft.com
navalny.com
nvidia.com
oaistatic.com
oaiusercontent.com
openai.com
parsec.app
proekt.media
reddit.com
redtube.com
rustorka.com
rutracker.cc
rutracker.net
rutracker.org
rutracker.ru
swagger.io
threads.net
tjournal.ru
ttvnw.net
twitch.a2z.com
twitch.com
twitch.tv
twitchcdn.net
twitchcdn-shadow.net
twitch-shadow.net
twitchsvc.net
twitchsvc-staging.tech
xvideos.com
xvideos-cdn.com
xv-ru.com
youtu.be
youtube.com
youtubekids.com
youtube-nocookie.com
ytimg.com
yting.com
149.154.160.0/20
91.108.4.0/22
91.108.8.0/22
91.108.56.0/22
95.161.64.0/20
cdn-telegram.org
comments.app
contest.com
fragment.com
graph.org
quiz.directory
t.me
tdesktop.com
telega.one
telegra.ph
telegram-cdn.org
telegram.dog
telegram.me
telegram.org
telegram.space
telesco.pe
tg.dev
tx.me
usercontent.dev
telegramusercontent.com
deepmind.com
deepmind.google
whatsapp.net
whatsapp.com
31.13.64.0/18
157.240.0.0/16
91.108.16.0/22
91.108.12.0/22
91.105.192.0/23
91.108.20.0/22
185.76.151.0/24
paradoxwikis.com
grok.com
twitter.com
x.com
twimg.com
t.co
twitterapi.com
cloudfront.net
x.ai
claude.ai
anthropic.com
zona.media
lostfilm.tv
notepad-plus-plus.org
5.28.195.2
185.199.108.153
2.23.88.29
87.245.208.0/24
7.102.119.0/24
mi.com
xiaomi.com
xiaomi.net
mi-img.com
mi-dun.com
clau.de
claude.com
claudemcpclient.com
claudeusercontent.com
