a2z.com
akamaihd.net
api.twitch.tv
bestweapon.one
cdninstagram.com
chatgpt.com
cloudflare.net
connectivitycheck.gstatic.com
deepstatemap.live
ext-twitch.tv
facebook.com
facebook.net
fb.com
fbcdn.net
fbsbx.com
ggpht.com
google.com
googleapis.com
googletagmanager.com
googleusercontent.com
googlevideo.com
gql.twitch.tv
gstatic.com
habr.com
hls.ttvnw.net
huawei.com
igcdn-photos-e-a.akamaihd.net
instagram.com
instagramstatic.com
intel.com
intel.de
jtvnw.net
live-video.net
mdza.io
medium.com
meduza.io
microsoft.com
navalny.com
nvidia.com
oaistatic.com
oaiusercontent.com
openai.com
parsec.app
passport.twitch.tv
proekt.media
pubsub-edge.twitch.tv
reddit.com
redtube.com
rustorka.com
rutracker.cc
rutracker.net
rutracker.org
rutracker.ru
static-cdn.twitch.tv
swagger.io
threads.net
tjournal.ru
ttvnw.net
twitch.a2z.com
twitch.com
twitch.tv
twitchcdn.net
twitchcdn-shadow.net
twitch-shadow.net
twitchsvc.net
twitchsvc-staging.tech
usher.ttvnw.net
xvideos.com
xvideos-cdn.com
xv-ru.com
youtu.be
youtube.com
youtubekids.com
youtube-nocookie.com
ytimg.com
yting.com
149.154.160.0/20
91.108.4.0/22
91.108.8.0/22
91.108.56.0/22
95.161.64.0/20
cdn-telegram.org
cdn.telegram.org
comments.app
contest.com
fragment.com
graph.org
quiz.directory
t.me
tdesktop.com
telega.one
telegra.ph
telegram-cdn.org
telegram.dog
telegram.me
telegram.org
telegram.space
telesco.pe
tg.dev
tx.me
usercontent.dev
k.telegram.org
web.telegram.org
z.telegram.org
api.telegram.org
telegramusercontent.com
deepmind.com
deepmind.google
api.whatsapp.com
chat.whatsapp.com
media.whatsapp.net
mmg.whatsapp.net
pps.whatsapp.net
static.whatsapp.net
web.whatsapp.com
whatsapp.com
31.13.64.0/18
157.240.0.0/16
